


ARM Macro Assembler    Page 1 


    1 00000000                 AREA             AsciiAdd, CODE, READONLY
    2 00000000                 IMPORT           main
    3 00000000                 EXPORT           start
    4 00000000         
    5 00000000         start
    6 00000000 E3A01032        LDR              R1, ='2'    ; R1 = 0x32 (ASCII 
                                                            symbol '2')
    7 00000004 E3A02034        LDR              R2, ='4'    ; R2 = 0x34 (ASCII 
                                                            symbol '4') 
    8 00000008 E3A03030        LDR              R3, ='0'    ; 
    9 0000000C E0410003        SUB              R0, R1, R3  ;
   10 00000010         
   11 00000010         
   12 00000010         
   13 00000010 EAFFFFFE 
                       stop    B                stop
   14 00000014         
   15 00000014                 END
Command Line: --debug --xref --diag_suppress=9931 --apcs=interwork --depend=.\a
sciiadd.d -o.\asciiadd.o -IC:\Keil_v5\ARM\RV31\INC -IC:\Keil_v5\ARM\CMSIS\Inclu
de -IC:\Keil_v5\ARM\Inc\Philips --predefine="__EVAL SETA 1" --predefine="__MICR
OLIB SETA 1" --predefine="__UVISION_VERSION SETA 516" --predefine="NO_CLOCK_SET
UP SETA 1" --predefine="NO_EMC_SETUP SETA 1" --predefine="RAM_INTVEC SETA 1" --
predefine="RAM_MODE SETA 1" --predefine="REMAP SETA 1" --list=.\asciiadd.lst As
ciiAdd.s



ARM Macro Assembler    Page 1 Alphabetic symbol ordering
Relocatable symbols

AsciiAdd 00000000

Symbol: AsciiAdd
   Definitions
      At line 1 in file AsciiAdd.s
   Uses
      None
Comment: AsciiAdd unused
start 00000000

Symbol: start
   Definitions
      At line 5 in file AsciiAdd.s
   Uses
      At line 3 in file AsciiAdd.s
Comment: start used once
stop 00000010

Symbol: stop
   Definitions
      At line 13 in file AsciiAdd.s
   Uses
      At line 13 in file AsciiAdd.s
Comment: stop used once
3 symbols



ARM Macro Assembler    Page 1 Alphabetic symbol ordering
External symbols

main 00000000

Symbol: main
   Definitions
      At line 2 in file AsciiAdd.s
   Uses
      None
Comment: main unused
1 symbol
342 symbols in table
